/home/peter/Downloads/fromSchool/javaConway_002/conway/src/main/java/com/conway/conwayApp.java
/home/peter/Downloads/fromSchool/javaConway_002/conway/src/main/java/com/conway/GameBoard/GameBoardView.java
/home/peter/Downloads/fromSchool/javaConway_002/conway/src/main/java/com/conway/GameBoard/GameEvent.java
/home/peter/Downloads/fromSchool/javaConway_002/conway/src/main/java/com/conway/GameBoard/GameBoardController.java
/home/peter/Downloads/fromSchool/javaConway_002/conway/src/main/java/com/conway/FileOutput.java
/home/peter/Downloads/fromSchool/javaConway_002/conway/src/main/java/com/conway/GameOfLife.java
/home/peter/Downloads/fromSchool/javaConway_002/conway/src/main/java/com/conway/MyApp/MyAppController.java
/home/peter/Downloads/fromSchool/javaConway_002/conway/src/main/java/com/conway/MyApp/MyAppView.java
/home/peter/Downloads/fromSchool/javaConway_002/conway/src/main/java/com/conway/MyApp/CommandLineParser.java
/home/peter/Downloads/fromSchool/javaConway_002/conway/src/main/java/com/conway/GameBoard/BoardData.java
